exports[`mocked output handle EACCESS error 1`] = `
"[1m[31m[40m[7m ERROR [27m[49m[39m[22m [1m[31mpermission denied[39m[22m [2mat 1970-01-01 00:00:00[22m
[1m[35m[40m[7m HINT [27m[49m[39m[22m  [1m[35mRun server on port > 1024. Current port: undefined[39m[22m [2mat 1970-01-01 00:00:00[22m

"
`;

exports[`mocked output handle EADDRINUSE error 1`] = `
"[1m[31m[40m[7m ERROR [27m[49m[39m[22m [1m[31maddress already in use[39m[22m [2mat 1970-01-01 00:00:00[22m
[1m[35m[40m[7m HINT [27m[49m[39m[22m  [1m[35mPort :undefined already in use. Try to use other port.[39m[22m [2mat 1970-01-01 00:00:00[22m

"
`;

exports[`mocked output handle undefined error 1`] = `
"[1m[31m[40m[7m ERROR [27m[49m[39m[22m [1m[31mundefined error[39m[22m [2mat 1970-01-01 00:00:00[22m
[1m[35m[40m[7m HINT [27m[49m[39m[22m  [1m[35mError with this code: undefined is not defined[39m[22m [2mat 1970-01-01 00:00:00[22m

"
`;
